../Core/Src/main.c:127:8:write_to_backup_sram	24	static
../Core/Src/main.c:151:8:read_from_backup_sram	24	static
../Core/Src/main.c:172:6:HAL_CAN_RxFifo0MsgPendingCallback	16	static
../Core/Src/main.c:176:6:HAL_ADC_ConvCpltCallback	16	static
../Core/Src/main.c:184:6:UpdateTemperature	16	static
../Core/Src/main.c:233:5:main	192	static
../Core/Src/main.c:357:6:SystemClock_Config	88	static
../Core/Src/main.c:404:13:MX_ADC1_Init	24	static
../Core/Src/main.c:473:13:MX_CAN1_Init	48	static
../Core/Src/main.c:528:13:MX_CAN2_Init	48	static
../Core/Src/main.c:581:13:MX_I2C2_Init	8	static
../Core/Src/main.c:615:13:MX_RTC_Init	32	static
../Core/Src/main.c:678:13:MX_SPI1_Init	8	static
../Core/Src/main.c:714:13:MX_DMA_Init	16	static
../Core/Src/main.c:732:13:MX_GPIO_Init	40	static
../Core/Src/main.c:789:6:StartDefaultTask	32	static
../Core/Src/main.c:854:6:LCD_Touch	32	static
../Core/Src/main.c:1010:6:LED	16	static
../Core/Src/main.c:1033:6:CAN	80	static
../Core/Src/main.c:1067:6:Button_FRAM	104	static
../Core/Src/main.c:1132:6:Display_CAN	80	static
../Core/Src/main.c:1156:6:HAL_TIM_PeriodElapsedCallback	16	static
../Core/Src/main.c:1177:6:Error_Handler	4	static,ignoring_inline_asm
